[     344ms] [INFO] %cDownload the React DevTools for a better development experience: https://react.dev/link/react-devtools font-weight:bold @ http://localhost:3001/_next/static/chunks/10sf_next_dist_1prsa5x._.js:776
[     383ms] [LOG] [HMR] connected @ http://localhost:3001/_next/static/chunks/10sf_next_dist_1prsa5x._.js:776
[    1082ms] [LOG] [Fast Refresh] rebuilding @ http://localhost:3001/_next/static/chunks/10sf_next_dist_1prsa5x._.js:776
[    1130ms] [LOG] [Fast Refresh] done in 149ms @ http://localhost:3001/_next/static/chunks/10sf_next_dist_1prsa5x._.js:776
[    1159ms] [INFO] %cDownload the React DevTools for a better development experience: https://react.dev/link/react-devtools font-weight:bold @ http://localhost:3001/_next/static/chunks/10sf_next_dist_1prsa5x._.js:776
[    1167ms] [LOG] [HMR] connected @ http://localhost:3001/_next/static/chunks/10sf_next_dist_1prsa5x._.js:776
[    2751ms] [INFO] %cDownload the React DevTools for a better development experience: https://react.dev/link/react-devtools font-weight:bold @ http://localhost:3001/_next/static/chunks/10sf_next_dist_1prsa5x._.js:776
[    2769ms] [LOG] [HMR] connected @ http://localhost:3001/_next/static/chunks/10sf_next_dist_1prsa5x._.js:776
[    3757ms] [INFO] %cDownload the React DevTools for a better development experience: https://react.dev/link/react-devtools font-weight:bold @ http://localhost:3001/_next/static/chunks/10sf_next_dist_1prsa5x._.js:776
[    3763ms] [LOG] [HMR] connected @ http://localhost:3001/_next/static/chunks/10sf_next_dist_1prsa5x._.js:776
[   25310ms] [INFO] %cDownload the React DevTools for a better development experience: https://react.dev/link/react-devtools font-weight:bold @ http://localhost:3001/_next/static/chunks/10sf_next_dist_1prsa5x._.js:776
[   25318ms] [LOG] [HMR] connected @ http://localhost:3001/_next/static/chunks/10sf_next_dist_1prsa5x._.js:776
[   26740ms] [LOG] [Fast Refresh] rebuilding @ http://localhost:3001/_next/static/chunks/10sf_next_dist_1prsa5x._.js:776
[   26807ms] [INFO] %cDownload the React DevTools for a better development experience: https://react.dev/link/react-devtools font-weight:bold @ http://localhost:3001/_next/static/chunks/10sf_next_dist_1prsa5x._.js:776
[   26814ms] [LOG] [HMR] connected @ http://localhost:3001/_next/static/chunks/10sf_next_dist_1prsa5x._.js:776
[  108196ms] [LOG] [Fast Refresh] rebuilding @ http://localhost:3001/_next/static/chunks/10sf_next_dist_1prsa5x._.js:776
[  108263ms] [LOG] [Fast Refresh] done in 65ms @ http://localhost:3001/_next/static/chunks/10sf_next_dist_1prsa5x._.js:776
[  120319ms] [LOG] [Fast Refresh] rebuilding @ http://localhost:3001/_next/static/chunks/10sf_next_dist_1prsa5x._.js:776
[  122090ms] [LOG] [Fast Refresh] done in 1851ms @ http://localhost:3001/_next/static/chunks/10sf_next_dist_1prsa5x._.js:776
[  122125ms] [LOG] [Fast Refresh] done in 1851ms @ http://localhost:3001/_next/static/chunks/10sf_next_dist_1prsa5x._.js:776
[  122205ms] [LOG] [Fast Refresh] done in 1851ms @ http://localhost:3001/_next/static/chunks/10sf_next_dist_1prsa5x._.js:776
[  122307ms] [LOG] [Fast Refresh] done in 1851ms @ http://localhost:3001/_next/static/chunks/10sf_next_dist_1prsa5x._.js:776
[  128358ms] [LOG] [Fast Refresh] rebuilding @ http://localhost:3001/_next/static/chunks/10sf_next_dist_1prsa5x._.js:776
[  128491ms] [LOG] [Fast Refresh] done in 69ms @ http://localhost:3001/_next/static/chunks/10sf_next_dist_1prsa5x._.js:776
[  128528ms] [LOG] [Fast Refresh] done in 69ms @ http://localhost:3001/_next/static/chunks/10sf_next_dist_1prsa5x._.js:776
[  128569ms] [LOG] [Fast Refresh] done in 69ms @ http://localhost:3001/_next/static/chunks/10sf_next_dist_1prsa5x._.js:776
[  141191ms] [LOG] [Fast Refresh] rebuilding @ http://localhost:3001/_next/static/chunks/10sf_next_dist_1prsa5x._.js:776
[  141192ms] [LOG] [Fast Refresh] done in 50ms @ http://localhost:3001/_next/static/chunks/10sf_next_dist_1prsa5x._.js:776
[  141286ms] [LOG] [Fast Refresh] done in 60ms @ http://localhost:3001/_next/static/chunks/10sf_next_dist_1prsa5x._.js:776
[  141427ms] [LOG] [Fast Refresh] done in 60ms @ http://localhost:3001/_next/static/chunks/10sf_next_dist_1prsa5x._.js:776
[  149765ms] [LOG] [Fast Refresh] done in 8577ms @ http://localhost:3001/_next/static/chunks/10sf_next_dist_1prsa5x._.js:776
[  149833ms] [LOG] [Fast Refresh] done in 8577ms @ http://localhost:3001/_next/static/chunks/10sf_next_dist_1prsa5x._.js:776
[  149873ms] [LOG] [Fast Refresh] done in 8577ms @ http://localhost:3001/_next/static/chunks/10sf_next_dist_1prsa5x._.js:776
[  162938ms] [LOG] [Fast Refresh] rebuilding @ http://localhost:3001/_next/static/chunks/10sf_next_dist_1prsa5x._.js:776
[  162970ms] [LOG] [Fast Refresh] done in 4ms @ http://localhost:3001/_next/static/chunks/10sf_next_dist_1prsa5x._.js:776
[  163021ms] [LOG] [Fast Refresh] rebuilding @ http://localhost:3001/_next/static/chunks/10sf_next_dist_1prsa5x._.js:776
[  163103ms] [LOG] [Fast Refresh] done in 45ms @ http://localhost:3001/_next/static/chunks/10sf_next_dist_1prsa5x._.js:776
[  163151ms] [LOG] [Fast Refresh] done in 45ms @ http://localhost:3001/_next/static/chunks/10sf_next_dist_1prsa5x._.js:776
[  163224ms] [LOG] [Fast Refresh] done in 45ms @ http://localhost:3001/_next/static/chunks/10sf_next_dist_1prsa5x._.js:776
[  163281ms] [LOG] [Fast Refresh] done in 45ms @ http://localhost:3001/_next/static/chunks/10sf_next_dist_1prsa5x._.js:776
[  163812ms] [LOG] [Fast Refresh] done in 45ms @ http://localhost:3001/_next/static/chunks/10sf_next_dist_1prsa5x._.js:776
[  198852ms] [LOG] [Fast Refresh] rebuilding @ http://localhost:3001/_next/static/chunks/10sf_next_dist_1prsa5x._.js:776
[  198917ms] [LOG] [Fast Refresh] done in 6ms @ http://localhost:3001/_next/static/chunks/10sf_next_dist_1prsa5x._.js:776
[  198980ms] [LOG] [Fast Refresh] done in 6ms @ http://localhost:3001/_next/static/chunks/10sf_next_dist_1prsa5x._.js:776
[  199099ms] [LOG] [Fast Refresh] done in 6ms @ http://localhost:3001/_next/static/chunks/10sf_next_dist_1prsa5x._.js:776
[  205920ms] [LOG] [Fast Refresh] done in 6ms @ http://localhost:3001/_next/static/chunks/10sf_next_dist_1prsa5x._.js:776
[  205981ms] [INFO] %cDownload the React DevTools for a better development experience: https://react.dev/link/react-devtools font-weight:bold @ http://localhost:3001/_next/static/chunks/10sf_next_dist_1prsa5x._.js:776
[  205998ms] [LOG] [HMR] connected @ http://localhost:3001/_next/static/chunks/10sf_next_dist_1prsa5x._.js:776
[  206663ms] [INFO] %cDownload the React DevTools for a better development experience: https://react.dev/link/react-devtools font-weight:bold @ http://localhost:3001/_next/static/chunks/10sf_next_dist_1prsa5x._.js:776
[  206670ms] [LOG] [HMR] connected @ http://localhost:3001/_next/static/chunks/10sf_next_dist_1prsa5x._.js:776
[  209688ms] [WARNING] The resource http://localhost:3001/_next/static/media/a342834df7752944-s.p.3hd2l7bm32o7k.woff2 was preloaded using link preload but not used within a few seconds from the window's load event. Please make sure it has an appropriate `as` value and it is preloaded intentionally. @ http://localhost:3001/:0
[  236448ms] [LOG] [Fast Refresh] rebuilding @ http://localhost:3001/_next/static/chunks/10sf_next_dist_1prsa5x._.js:776
[  236509ms] [LOG] [Fast Refresh] done in 8ms @ http://localhost:3001/_next/static/chunks/10sf_next_dist_1prsa5x._.js:776
[  236543ms] [LOG] [Fast Refresh] done in 8ms @ http://localhost:3001/_next/static/chunks/10sf_next_dist_1prsa5x._.js:776
[  236642ms] [LOG] [Fast Refresh] done in 8ms @ http://localhost:3001/_next/static/chunks/10sf_next_dist_1prsa5x._.js:776
[  244679ms] [LOG] [Fast Refresh] rebuilding @ http://localhost:3001/_next/static/chunks/10sf_next_dist_1prsa5x._.js:776
[  244753ms] [LOG] [Fast Refresh] done in 8ms @ http://localhost:3001/_next/static/chunks/10sf_next_dist_1prsa5x._.js:776
[  277263ms] [LOG] [Fast Refresh] rebuilding @ http://localhost:3001/_next/static/chunks/10sf_next_dist_1prsa5x._.js:776
[  277303ms] [LOG] [Fast Refresh] done in 10ms @ http://localhost:3001/_next/static/chunks/10sf_next_dist_1prsa5x._.js:776
[  277339ms] [LOG] [Fast Refresh] done in 10ms @ http://localhost:3001/_next/static/chunks/10sf_next_dist_1prsa5x._.js:776
[  277373ms] [LOG] [Fast Refresh] done in 10ms @ http://localhost:3001/_next/static/chunks/10sf_next_dist_1prsa5x._.js:776
[  277460ms] [LOG] [Fast Refresh] done in 10ms @ http://localhost:3001/_next/static/chunks/10sf_next_dist_1prsa5x._.js:776
[  308550ms] [LOG] [Fast Refresh] rebuilding @ http://localhost:3001/_next/static/chunks/10sf_next_dist_1prsa5x._.js:776
[  308629ms] [LOG] [Fast Refresh] done in 4ms @ http://localhost:3001/_next/static/chunks/10sf_next_dist_1prsa5x._.js:776
[  308754ms] [LOG] [Fast Refresh] done in 4ms @ http://localhost:3001/_next/static/chunks/10sf_next_dist_1prsa5x._.js:776
[  340457ms] [LOG] [Fast Refresh] rebuilding @ http://localhost:3001/_next/static/chunks/10sf_next_dist_1prsa5x._.js:776
[  340498ms] [LOG] [Fast Refresh] done in 7ms @ http://localhost:3001/_next/static/chunks/10sf_next_dist_1prsa5x._.js:776
[  340561ms] [LOG] [Fast Refresh] done in 7ms @ http://localhost:3001/_next/static/chunks/10sf_next_dist_1prsa5x._.js:776
[  340614ms] [LOG] [Fast Refresh] done in 7ms @ http://localhost:3001/_next/static/chunks/10sf_next_dist_1prsa5x._.js:776
[  340696ms] [LOG] [Fast Refresh] done in 7ms @ http://localhost:3001/_next/static/chunks/10sf_next_dist_1prsa5x._.js:776
[  352356ms] [LOG] [Fast Refresh] done in 7ms @ http://localhost:3001/_next/static/chunks/10sf_next_dist_1prsa5x._.js:776
[  352399ms] [INFO] %cDownload the React DevTools for a better development experience: https://react.dev/link/react-devtools font-weight:bold @ http://localhost:3001/_next/static/chunks/10sf_next_dist_1prsa5x._.js:776
[  352410ms] [LOG] [HMR] connected @ http://localhost:3001/_next/static/chunks/10sf_next_dist_1prsa5x._.js:776
[  354177ms] [INFO] %cDownload the React DevTools for a better development experience: https://react.dev/link/react-devtools font-weight:bold @ http://localhost:3001/_next/static/chunks/10sf_next_dist_1prsa5x._.js:776
[  354184ms] [LOG] [HMR] connected @ http://localhost:3001/_next/static/chunks/10sf_next_dist_1prsa5x._.js:776
[  355037ms] [INFO] %cDownload the React DevTools for a better development experience: https://react.dev/link/react-devtools font-weight:bold @ http://localhost:3001/_next/static/chunks/10sf_next_dist_1prsa5x._.js:776
[  355043ms] [LOG] [HMR] connected @ http://localhost:3001/_next/static/chunks/10sf_next_dist_1prsa5x._.js:776
[  389177ms] [LOG] [Fast Refresh] rebuilding @ http://localhost:3001/_next/static/chunks/10sf_next_dist_1prsa5x._.js:776
[  389236ms] [LOG] [Fast Refresh] done in 20ms @ http://localhost:3001/_next/static/chunks/10sf_next_dist_1prsa5x._.js:776
[  389280ms] [LOG] [Fast Refresh] done in 20ms @ http://localhost:3001/_next/static/chunks/10sf_next_dist_1prsa5x._.js:776
[  389339ms] [LOG] [Fast Refresh] done in 20ms @ http://localhost:3001/_next/static/chunks/10sf_next_dist_1prsa5x._.js:776
[  408865ms] [LOG] [Fast Refresh] done in 19645ms @ http://localhost:3001/_next/static/chunks/10sf_next_dist_1prsa5x._.js:776
[  408931ms] [LOG] [Fast Refresh] done in 19645ms @ http://localhost:3001/_next/static/chunks/10sf_next_dist_1prsa5x._.js:776
[  408991ms] [LOG] [Fast Refresh] done in 19645ms @ http://localhost:3001/_next/static/chunks/10sf_next_dist_1prsa5x._.js:776
[  420960ms] [LOG] [Fast Refresh] done in 19645ms @ http://localhost:3001/_next/static/chunks/10sf_next_dist_1prsa5x._.js:776
[  421060ms] [INFO] %cDownload the React DevTools for a better development experience: https://react.dev/link/react-devtools font-weight:bold @ http://localhost:3001/_next/static/chunks/10sf_next_dist_1prsa5x._.js:776
[  421069ms] [LOG] [HMR] connected @ http://localhost:3001/_next/static/chunks/10sf_next_dist_1prsa5x._.js:776
[  422069ms] [INFO] %cDownload the React DevTools for a better development experience: https://react.dev/link/react-devtools font-weight:bold @ http://localhost:3001/_next/static/chunks/10sf_next_dist_1prsa5x._.js:776
[  422076ms] [LOG] [HMR] connected @ http://localhost:3001/_next/static/chunks/10sf_next_dist_1prsa5x._.js:776
[  423014ms] [INFO] %cDownload the React DevTools for a better development experience: https://react.dev/link/react-devtools font-weight:bold @ http://localhost:3001/_next/static/chunks/10sf_next_dist_1prsa5x._.js:776
[  423020ms] [LOG] [HMR] connected @ http://localhost:3001/_next/static/chunks/10sf_next_dist_1prsa5x._.js:776
[  442964ms] [LOG] [Fast Refresh] rebuilding @ http://localhost:3001/_next/static/chunks/10sf_next_dist_1prsa5x._.js:776
[  443028ms] [LOG] [Fast Refresh] done in 5ms @ http://localhost:3001/_next/static/chunks/10sf_next_dist_1prsa5x._.js:776
[  443074ms] [LOG] [Fast Refresh] done in 5ms @ http://localhost:3001/_next/static/chunks/10sf_next_dist_1prsa5x._.js:776
[  443155ms] [LOG] [Fast Refresh] done in 5ms @ http://localhost:3001/_next/static/chunks/10sf_next_dist_1prsa5x._.js:776
[  459716ms] [LOG] [Fast Refresh] done in 16712ms @ http://localhost:3001/_next/static/chunks/10sf_next_dist_1prsa5x._.js:776
[  459780ms] [LOG] [Fast Refresh] done in 16712ms @ http://localhost:3001/_next/static/chunks/10sf_next_dist_1prsa5x._.js:776
[  459836ms] [LOG] [Fast Refresh] done in 16712ms @ http://localhost:3001/_next/static/chunks/10sf_next_dist_1prsa5x._.js:776
[  475384ms] [LOG] [Fast Refresh] done in 16712ms @ http://localhost:3001/_next/static/chunks/10sf_next_dist_1prsa5x._.js:776
[  475420ms] [INFO] %cDownload the React DevTools for a better development experience: https://react.dev/link/react-devtools font-weight:bold @ http://localhost:3001/_next/static/chunks/10sf_next_dist_1prsa5x._.js:776
[  475427ms] [LOG] [HMR] connected @ http://localhost:3001/_next/static/chunks/10sf_next_dist_1prsa5x._.js:776
[  476272ms] [INFO] %cDownload the React DevTools for a better development experience: https://react.dev/link/react-devtools font-weight:bold @ http://localhost:3001/_next/static/chunks/10sf_next_dist_1prsa5x._.js:776
[  476278ms] [LOG] [HMR] connected @ http://localhost:3001/_next/static/chunks/10sf_next_dist_1prsa5x._.js:776
[  477097ms] [INFO] %cDownload the React DevTools for a better development experience: https://react.dev/link/react-devtools font-weight:bold @ http://localhost:3001/_next/static/chunks/10sf_next_dist_1prsa5x._.js:776
[  477104ms] [LOG] [HMR] connected @ http://localhost:3001/_next/static/chunks/10sf_next_dist_1prsa5x._.js:776
[  477909ms] [INFO] %cDownload the React DevTools for a better development experience: https://react.dev/link/react-devtools font-weight:bold @ http://localhost:3001/_next/static/chunks/10sf_next_dist_1prsa5x._.js:776
[  477916ms] [LOG] [HMR] connected @ http://localhost:3001/_next/static/chunks/10sf_next_dist_1prsa5x._.js:776
[  479306ms] [INFO] %cDownload the React DevTools for a better development experience: https://react.dev/link/react-devtools font-weight:bold @ http://localhost:3001/_next/static/chunks/10sf_next_dist_1prsa5x._.js:776
[  479313ms] [LOG] [HMR] connected @ http://localhost:3001/_next/static/chunks/10sf_next_dist_1prsa5x._.js:776
[  480142ms] [INFO] %cDownload the React DevTools for a better development experience: https://react.dev/link/react-devtools font-weight:bold @ http://localhost:3001/_next/static/chunks/10sf_next_dist_1prsa5x._.js:776
[  480149ms] [LOG] [HMR] connected @ http://localhost:3001/_next/static/chunks/10sf_next_dist_1prsa5x._.js:776
[  482281ms] [INFO] %cDownload the React DevTools for a better development experience: https://react.dev/link/react-devtools font-weight:bold @ http://localhost:3001/_next/static/chunks/10sf_next_dist_1prsa5x._.js:776
[  482287ms] [LOG] [HMR] connected @ http://localhost:3001/_next/static/chunks/10sf_next_dist_1prsa5x._.js:776
[  483134ms] [INFO] %cDownload the React DevTools for a better development experience: https://react.dev/link/react-devtools font-weight:bold @ http://localhost:3001/_next/static/chunks/10sf_next_dist_1prsa5x._.js:776
[  483142ms] [LOG] [HMR] connected @ http://localhost:3001/_next/static/chunks/10sf_next_dist_1prsa5x._.js:776
[  483980ms] [INFO] %cDownload the React DevTools for a better development experience: https://react.dev/link/react-devtools font-weight:bold @ http://localhost:3001/_next/static/chunks/10sf_next_dist_1prsa5x._.js:776
[  483986ms] [LOG] [HMR] connected @ http://localhost:3001/_next/static/chunks/10sf_next_dist_1prsa5x._.js:776
[  608300ms] [LOG] [Fast Refresh] rebuilding @ http://localhost:3001/_next/static/chunks/10sf_next_dist_1prsa5x._.js:776
[  608582ms] [LOG] [Fast Refresh] done in 312ms @ http://localhost:3001/_next/static/chunks/10sf_next_dist_1prsa5x._.js:776
[  608608ms] [ERROR] Failed to load resource: the server responded with a status of 404 (Not Found) @ http://localhost:3001/dilery?_rsc=boA7CwlAsrryFisC:0
[  608623ms] [LOG] [Fast Refresh] done in 312ms @ http://localhost:3001/_next/static/chunks/10sf_next_dist_1prsa5x._.js:776
[  608686ms] [ERROR] Failed to load resource: the server responded with a status of 404 (Not Found) @ http://localhost:3001/dilery?_rsc=boA7CwlAsrryFisC:0
[  608913ms] [ERROR] Failed to load resource: the server responded with a status of 404 (Not Found) @ http://localhost:3001/dilery:0
[  609201ms] [INFO] %cDownload the React DevTools for a better development experience: https://react.dev/link/react-devtools font-weight:bold @ http://localhost:3001/_next/static/chunks/10sf_next_dist_1prsa5x._.js:776
[  609208ms] [LOG] [HMR] connected @ http://localhost:3001/_next/static/chunks/10sf_next_dist_1prsa5x._.js:776
[  609404ms] [LOG] [Fast Refresh] rebuilding @ http://localhost:3001/_next/static/chunks/10sf_next_dist_1prsa5x._.js:776
[  609469ms] [LOG] [Fast Refresh] done in 166ms @ http://localhost:3001/_next/static/chunks/10sf_next_dist_1prsa5x._.js:776
[  616226ms] [LOG] [HMR] connected @ http://localhost:3001/_next/static/chunks/10sf_next_dist_1prsa5x._.js:776
[  619372ms] [ERROR] Failed to load resource: the server responded with a status of 404 (Not Found) @ http://localhost:3001/dilery:0
[  619494ms] [INFO] %cDownload the React DevTools for a better development experience: https://react.dev/link/react-devtools font-weight:bold @ http://localhost:3001/_next/static/chunks/10sf_next_dist_1prsa5x._.js:776
[  619499ms] [LOG] [HMR] connected @ http://localhost:3001/_next/static/chunks/10sf_next_dist_1prsa5x._.js:776
[  653455ms] [LOG] [Fast Refresh] rebuilding @ http://localhost:3001/_next/static/chunks/10sf_next_dist_1prsa5x._.js:776
[  653501ms] [ERROR] Failed to load resource: the server responded with a status of 404 (Not Found) @ http://localhost:3001/dilery?_rsc=7TmJZH1YHwSue7fr:0
[  653539ms] [LOG] [Fast Refresh] done in 32ms @ http://localhost:3001/_next/static/chunks/10sf_next_dist_1prsa5x._.js:776
[  653585ms] [ERROR] Failed to load resource: the server responded with a status of 404 (Not Found) @ http://localhost:3001/dilery:0
[  653617ms] [INFO] %cDownload the React DevTools for a better development experience: https://react.dev/link/react-devtools font-weight:bold @ http://localhost:3001/_next/static/chunks/10sf_next_dist_1prsa5x._.js:776
[  653626ms] [LOG] [HMR] connected @ http://localhost:3001/_next/static/chunks/10sf_next_dist_1prsa5x._.js:776
[  689104ms] [LOG] [Fast Refresh] rebuilding @ http://localhost:3001/_next/static/chunks/10sf_next_dist_1prsa5x._.js:776
[  689292ms] [LOG] [Fast Refresh] done in 289ms @ http://localhost:3001/_next/static/chunks/10sf_next_dist_1prsa5x._.js:776
[  696083ms] [LOG] [Fast Refresh] rebuilding @ http://localhost:3001/_next/static/chunks/10sf_next_dist_1prsa5x._.js:776
[  696113ms] [LOG] [Fast Refresh] done in 3ms @ http://localhost:3001/_next/static/chunks/10sf_next_dist_1prsa5x._.js:776
[  717353ms] [LOG] [Fast Refresh] rebuilding @ http://localhost:3001/_next/static/chunks/10sf_next_dist_1prsa5x._.js:776
[  717377ms] [LOG] [Fast Refresh] done in 125ms @ http://localhost:3001/_next/static/chunks/10sf_next_dist_1prsa5x._.js:776
[  717483ms] [LOG] [Fast Refresh] done in 125ms @ http://localhost:3001/_next/static/chunks/10sf_next_dist_1prsa5x._.js:776
[  717534ms] [LOG] [Fast Refresh] done in 125ms @ http://localhost:3001/_next/static/chunks/10sf_next_dist_1prsa5x._.js:776
[  717639ms] [LOG] [Fast Refresh] done in 125ms @ http://localhost:3001/_next/static/chunks/10sf_next_dist_1prsa5x._.js:776
[  718134ms] [LOG] [Fast Refresh] rebuilding @ http://localhost:3001/_next/static/chunks/10sf_next_dist_1prsa5x._.js:776
[  718240ms] [LOG] [Fast Refresh] done in 206ms @ http://localhost:3001/_next/static/chunks/10sf_next_dist_1prsa5x._.js:776
[  816424ms] [LOG] [Fast Refresh] rebuilding @ http://localhost:3001/_next/static/chunks/10sf_next_dist_1prsa5x._.js:776
[  816463ms] [LOG] [Fast Refresh] done in 3ms @ http://localhost:3001/_next/static/chunks/10sf_next_dist_1prsa5x._.js:776
[  846717ms] [LOG] [Fast Refresh] done in 30192ms @ http://localhost:3001/_next/static/chunks/10sf_next_dist_1prsa5x._.js:776
[  846863ms] [LOG] [Fast Refresh] done in 30367ms @ http://localhost:3001/_next/static/chunks/10sf_next_dist_1prsa5x._.js:776
[  846943ms] [LOG] [Fast Refresh] done in 30367ms @ http://localhost:3001/_next/static/chunks/10sf_next_dist_1prsa5x._.js:776
[  847389ms] [LOG] [Fast Refresh] rebuilding @ http://localhost:3001/_next/static/chunks/10sf_next_dist_1prsa5x._.js:776
[  847647ms] [LOG] [Fast Refresh] done in 360ms @ http://localhost:3001/_next/static/chunks/10sf_next_dist_1prsa5x._.js:776
[  865459ms] [LOG] [Fast Refresh] done in 18060ms @ http://localhost:3001/_next/static/chunks/10sf_next_dist_1prsa5x._.js:776
[  865780ms] [LOG] [Fast Refresh] rebuilding @ http://localhost:3001/_next/static/chunks/10sf_next_dist_1prsa5x._.js:776
[  865832ms] [LOG] [Fast Refresh] done in 151ms @ http://localhost:3001/_next/static/chunks/10sf_next_dist_1prsa5x._.js:776
[  866036ms] [LOG] [Fast Refresh] rebuilding @ http://localhost:3001/_next/static/chunks/10sf_next_dist_1prsa5x._.js:776
[  866117ms] [LOG] [Fast Refresh] done in 182ms @ http://localhost:3001/_next/static/chunks/10sf_next_dist_1prsa5x._.js:776
[  866421ms] [LOG] [Fast Refresh] rebuilding @ http://localhost:3001/_next/static/chunks/10sf_next_dist_1prsa5x._.js:776
[  866424ms] [LOG] [Fast Refresh] done in 104ms @ http://localhost:3001/_next/static/chunks/10sf_next_dist_1prsa5x._.js:776
[  911031ms] [INFO] %cDownload the React DevTools for a better development experience: https://react.dev/link/react-devtools font-weight:bold @ http://localhost:3001/_next/static/chunks/10sf_next_dist_1prsa5x._.js:776
[  911048ms] [LOG] [HMR] connected @ http://localhost:3001/_next/static/chunks/10sf_next_dist_1prsa5x._.js:776
[  912818ms] [INFO] %cDownload the React DevTools for a better development experience: https://react.dev/link/react-devtools font-weight:bold @ http://localhost:3001/_next/static/chunks/10sf_next_dist_1prsa5x._.js:776
[  912824ms] [LOG] [HMR] connected @ http://localhost:3001/_next/static/chunks/10sf_next_dist_1prsa5x._.js:776
[  914257ms] [INFO] %cDownload the React DevTools for a better development experience: https://react.dev/link/react-devtools font-weight:bold @ http://localhost:3001/_next/static/chunks/10sf_next_dist_1prsa5x._.js:776
[  914263ms] [LOG] [HMR] connected @ http://localhost:3001/_next/static/chunks/10sf_next_dist_1prsa5x._.js:776
[  939547ms] [LOG] [Fast Refresh] rebuilding @ http://localhost:3001/_next/static/chunks/10sf_next_dist_1prsa5x._.js:776
[  939589ms] [LOG] [Fast Refresh] done in 55ms @ http://localhost:3001/_next/static/chunks/10sf_next_dist_1prsa5x._.js:776
[  939630ms] [LOG] [Fast Refresh] done in 55ms @ http://localhost:3001/_next/static/chunks/10sf_next_dist_1prsa5x._.js:776
[  939765ms] [LOG] [Fast Refresh] done in 55ms @ http://localhost:3001/_next/static/chunks/10sf_next_dist_1prsa5x._.js:776
[  939801ms] [LOG] [Fast Refresh] done in 55ms @ http://localhost:3001/_next/static/chunks/10sf_next_dist_1prsa5x._.js:776
[  967786ms] [LOG] [Fast Refresh] done in 55ms @ http://localhost:3001/_next/static/chunks/10sf_next_dist_1prsa5x._.js:776
[  999221ms] [LOG] [Fast Refresh] done in 55ms @ http://localhost:3001/_next/static/chunks/10sf_next_dist_1prsa5x._.js:776
[ 1007386ms] [LOG] [Fast Refresh] done in 55ms @ http://localhost:3001/_next/static/chunks/10sf_next_dist_1prsa5x._.js:776
[ 1007441ms] [LOG] [Fast Refresh] done in 55ms @ http://localhost:3001/_next/static/chunks/10sf_next_dist_1prsa5x._.js:776
[ 1011731ms] [LOG] [Fast Refresh] done in 55ms @ http://localhost:3001/_next/static/chunks/10sf_next_dist_1prsa5x._.js:776
[ 1011790ms] [INFO] %cDownload the React DevTools for a better development experience: https://react.dev/link/react-devtools font-weight:bold @ http://localhost:3001/_next/static/chunks/10sf_next_dist_1prsa5x._.js:776
[ 1011798ms] [LOG] [HMR] connected @ http://localhost:3001/_next/static/chunks/10sf_next_dist_1prsa5x._.js:776
[ 1030661ms] [INFO] %cDownload the React DevTools for a better development experience: https://react.dev/link/react-devtools font-weight:bold @ http://localhost:3001/_next/static/chunks/10sf_next_dist_1prsa5x._.js:776
[ 1030667ms] [LOG] [HMR] connected @ http://localhost:3001/_next/static/chunks/10sf_next_dist_1prsa5x._.js:776
[ 1031715ms] [INFO] %cDownload the React DevTools for a better development experience: https://react.dev/link/react-devtools font-weight:bold @ http://localhost:3001/_next/static/chunks/10sf_next_dist_1prsa5x._.js:776
[ 1031721ms] [LOG] [HMR] connected @ http://localhost:3001/_next/static/chunks/10sf_next_dist_1prsa5x._.js:776
[ 1052706ms] [INFO] %cDownload the React DevTools for a better development experience: https://react.dev/link/react-devtools font-weight:bold @ http://localhost:3001/_next/static/chunks/10sf_next_dist_1prsa5x._.js:776
[ 1052717ms] [LOG] [HMR] connected @ http://localhost:3001/_next/static/chunks/10sf_next_dist_1prsa5x._.js:776
[ 1053697ms] [INFO] %cDownload the React DevTools for a better development experience: https://react.dev/link/react-devtools font-weight:bold @ http://localhost:3001/_next/static/chunks/10sf_next_dist_1prsa5x._.js:776
[ 1053704ms] [LOG] [HMR] connected @ http://localhost:3001/_next/static/chunks/10sf_next_dist_1prsa5x._.js:776
[ 1054842ms] [INFO] %cDownload the React DevTools for a better development experience: https://react.dev/link/react-devtools font-weight:bold @ http://localhost:3001/_next/static/chunks/10sf_next_dist_1prsa5x._.js:776
[ 1054851ms] [LOG] [HMR] connected @ http://localhost:3001/_next/static/chunks/10sf_next_dist_1prsa5x._.js:776
[ 1055915ms] [LOG] [Fast Refresh] rebuilding @ http://localhost:3001/_next/static/chunks/10sf_next_dist_1prsa5x._.js:776
[ 1055982ms] [INFO] %cDownload the React DevTools for a better development experience: https://react.dev/link/react-devtools font-weight:bold @ http://localhost:3001/_next/static/chunks/10sf_next_dist_1prsa5x._.js:776
[ 1055989ms] [LOG] [HMR] connected @ http://localhost:3001/_next/static/chunks/10sf_next_dist_1prsa5x._.js:776
[ 1057005ms] [INFO] %cDownload the React DevTools for a better development experience: https://react.dev/link/react-devtools font-weight:bold @ http://localhost:3001/_next/static/chunks/10sf_next_dist_1prsa5x._.js:776
[ 1057012ms] [LOG] [HMR] connected @ http://localhost:3001/_next/static/chunks/10sf_next_dist_1prsa5x._.js:776
[ 1057950ms] [INFO] %cDownload the React DevTools for a better development experience: https://react.dev/link/react-devtools font-weight:bold @ http://localhost:3001/_next/static/chunks/10sf_next_dist_1prsa5x._.js:776
[ 1057956ms] [LOG] [HMR] connected @ http://localhost:3001/_next/static/chunks/10sf_next_dist_1prsa5x._.js:776
[ 1058895ms] [INFO] %cDownload the React DevTools for a better development experience: https://react.dev/link/react-devtools font-weight:bold @ http://localhost:3001/_next/static/chunks/10sf_next_dist_1prsa5x._.js:776
[ 1058901ms] [LOG] [HMR] connected @ http://localhost:3001/_next/static/chunks/10sf_next_dist_1prsa5x._.js:776
[ 1060003ms] [INFO] %cDownload the React DevTools for a better development experience: https://react.dev/link/react-devtools font-weight:bold @ http://localhost:3001/_next/static/chunks/10sf_next_dist_1prsa5x._.js:776
[ 1060020ms] [LOG] [HMR] connected @ http://localhost:3001/_next/static/chunks/10sf_next_dist_1prsa5x._.js:776
[ 1061054ms] [INFO] %cDownload the React DevTools for a better development experience: https://react.dev/link/react-devtools font-weight:bold @ http://localhost:3001/_next/static/chunks/10sf_next_dist_1prsa5x._.js:776
[ 1061060ms] [LOG] [HMR] connected @ http://localhost:3001/_next/static/chunks/10sf_next_dist_1prsa5x._.js:776
[ 1061982ms] [INFO] %cDownload the React DevTools for a better development experience: https://react.dev/link/react-devtools font-weight:bold @ http://localhost:3001/_next/static/chunks/10sf_next_dist_1prsa5x._.js:776
[ 1061988ms] [LOG] [HMR] connected @ http://localhost:3001/_next/static/chunks/10sf_next_dist_1prsa5x._.js:776
[ 1063071ms] [INFO] %cDownload the React DevTools for a better development experience: https://react.dev/link/react-devtools font-weight:bold @ http://localhost:3001/_next/static/chunks/10sf_next_dist_1prsa5x._.js:776
[ 1063080ms] [LOG] [HMR] connected @ http://localhost:3001/_next/static/chunks/10sf_next_dist_1prsa5x._.js:776
[ 1064817ms] [INFO] %cDownload the React DevTools for a better development experience: https://react.dev/link/react-devtools font-weight:bold @ http://localhost:3001/_next/static/chunks/10sf_next_dist_1prsa5x._.js:776
[ 1064824ms] [LOG] [HMR] connected @ http://localhost:3001/_next/static/chunks/10sf_next_dist_1prsa5x._.js:776
[ 1214539ms] [LOG] [Fast Refresh] rebuilding @ http://localhost:3001/_next/static/chunks/10sf_next_dist_1prsa5x._.js:776
[ 1214829ms] [ERROR] ./app/actions.ts:7:1
Error: Module not found: Can't resolve 'drizzle-orm'
   5 | import { cookies } from "next/headers";
   6 | import { randomInt } from "node:crypto";
>  7 | import { and, eq, gte, sql } from "drizzle-orm";
     | ^^^^^^^^^^^^^^^^^^^^^^^^^^^^^^^^^^^^^^^^^^^^^^^^
   8 | import { z } from "zod";
   9 | import { db, schema } from "@/lib/db";
  10 | import { createSession, destroySession, homeFor, requireUser, type SessionUser } from "@/l...

Import trace:
  Server Component:
    ./app/actions.ts
    ./components/lang-switch.tsx
    ./app/page.tsx

https://nextjs.org/docs/messages/module-not-found @ http://localhost:3001/_next/static/chunks/10sf_next_dist_1prsa5x._.js:1052
[ 1214830ms] [ERROR] ./lib/onec.ts:1:1
Error: Module not found: Can't resolve 'drizzle-orm'
> 1 | import { and, eq, lt } from "drizzle-orm";
    | ^^^^^^^^^^^^^^^^^^^^^^^^^^^^^^^^^^^^^^^^^^
  2 | import { db, schema } from "./db";
  3 |
  4 | export type OutboxTopic =

Import trace:
  Server Component:
    ./lib/onec.ts
    ./app/actions.ts
    ./components/lang-switch.tsx
    ./app/page.tsx

https://nextjs.org/docs/messages/module-not-found @ http://localhost:3001/_next/static/chunks/10sf_next_dist_1prsa5x._.js:1052
[ 1214830ms] [ERROR] ./lib/session.ts:4:1
Error: Module not found: Can't resolve 'drizzle-orm'
  2 | import { redirect } from "next/navigation";
  3 | import { createHmac, timingSafeEqual } from "node:crypto";
> 4 | import { eq } from "drizzle-orm";
    | ^^^^^^^^^^^^^^^^^^^^^^^^^^^^^^^^^
  5 | import { db, schema } from "./db";
  6 |
  7 | const SECRET = process.env.SESSION_SECRET ?? "dev-only-change-me";

Import trace:
  Server Component:
    ./lib/session.ts
    ./app/page.tsx

https://nextjs.org/docs/messages/module-not-found @ http://localhost:3001/_next/static/chunks/10sf_next_dist_1prsa5x._.js:1052
[ 1214831ms] [ERROR] ./lib/db/index.ts:2:1
Error: Module not found: Can't resolve 'drizzle-orm/better-sqlite3'
  1 | import Database from "better-sqlite3";
> 2 | import { drizzle } from "drizzle-orm/better-sqlite3";
    | ^^^^^^^^^^^^^^^^^^^^^^^^^^^^^^^^^^^^^^^^^^^^^^^^^^^^^
  3 | import * as schema from "./schema";
  4 |
  5 | // ponytail: один SQLite-файл на заводском сервере. Переезд на Postgres = смена драйвера Dr...

Import trace:
  Server Component:
    ./lib/db/index.ts
    ./lib/session.ts
    ./app/page.tsx

https://nextjs.org/docs/messages/module-not-found @ http://localhost:3001/_next/static/chunks/10sf_next_dist_1prsa5x._.js:1052
[ 1214831ms] [ERROR] ./lib/db/schema.ts:1:1
Error: Module not found: Can't resolve 'drizzle-orm/sqlite-core'
> 1 | import { sqliteTable, text, integer, index } from "drizzle-orm/sqlite-core";
    | ^^^^^^^^^^^^^^^^^^^^^^^^^^^^^^^^^^^^^^^^^^^^^^^^^^^^^^^^^^^^^^^^^^^^^^^^^^^^
  2 |
  3 | const now = () => Math.floor(Date.now() / 1000);
  4 |

Import trace:
  Server Component:
    ./lib/db/schema.ts
    ./lib/session.ts
    ./app/page.tsx

https://nextjs.org/docs/messages/module-not-found @ http://localhost:3001/_next/static/chunks/10sf_next_dist_1prsa5x._.js:1052
[ 1214831ms] [ERROR] ./app/(app)/orders/page.tsx:2:1
Error: Module not found: Can't resolve 'drizzle-orm'
  1 | import Link from "next/link";
> 2 | import { desc, eq, sql } from "drizzle-orm";
    | ^^^^^^^^^^^^^^^^^^^^^^^^^^^^^^^^^^^^^^^^^^^^
  3 | import { db, schema } from "@/lib/db";
  4 | import { requireUser } from "@/lib/session";
  5 | import { getLocale, translator } from "@/lib/i18n";

https://nextjs.org/docs/messages/module-not-found @ http://localhost:3001/_next/static/chunks/10sf_next_dist_1prsa5x._.js:1052
[ 1214831ms] [ERROR] ./lib/reports.ts:1:1
Error: Module not found: Can't resolve 'drizzle-orm'
> 1 | import { and, desc, eq, gte, lte, sql } from "drizzle-orm";
    | ^^^^^^^^^^^^^^^^^^^^^^^^^^^^^^^^^^^^^^^^^^^^^^^^^^^^^^^^^^^
  2 | import { db, schema } from "./db";
  3 |
  4 | export const PERIODS = [1, 7, 30, 90] as const;

Import trace:
  Server Component:
    ./lib/reports.ts
    ./app/(app)/reports/page.tsx

https://nextjs.org/docs/messages/module-not-found @ http://localhost:3001/_next/static/chunks/10sf_next_dist_1prsa5x._.js:1052
[ 1214831ms] [ERROR] ./app/(app)/board/page.tsx:1:1
Error: Module not found: Can't resolve 'drizzle-orm'
> 1 | import { desc, eq } from "drizzle-orm";
    | ^^^^^^^^^^^^^^^^^^^^^^^^^^^^^^^^^^^^^^^
  2 | import { db, schema } from "@/lib/db";
  3 | import { requireUser } from "@/lib/session";
  4 | import { getLocale, translator } from "@/lib/i18n";

https://nextjs.org/docs/messages/module-not-found @ http://localhost:3001/_next/static/chunks/10sf_next_dist_1prsa5x._.js:1052
[ 1214831ms] [ERROR] ./app/(app)/dealers/page.tsx:1:1
Error: Module not found: Can't resolve 'drizzle-orm'
> 1 | import { desc, eq, sql } from "drizzle-orm";
    | ^^^^^^^^^^^^^^^^^^^^^^^^^^^^^^^^^^^^^^^^^^^^
  2 | import { db, schema } from "@/lib/db";
  3 | import { requireUser } from "@/lib/session";
  4 | import { getLocale, translator } from "@/lib/i18n";

https://nextjs.org/docs/messages/module-not-found @ http://localhost:3001/_next/static/chunks/10sf_next_dist_1prsa5x._.js:1052
[ 1214831ms] [ERROR] ./app/(app)/gate/page.tsx:2:1
Error: Module not found: Can't resolve 'drizzle-orm'
  1 | import Link from "next/link";
> 2 | import { and, desc, eq, like, or } from "drizzle-orm";
    | ^^^^^^^^^^^^^^^^^^^^^^^^^^^^^^^^^^^^^^^^^^^^^^^^^^^^^^
  3 | import { db, schema } from "@/lib/db";
  4 | import { requireUser } from "@/lib/session";
  5 | import { getLocale, translator } from "@/lib/i18n";

https://nextjs.org/docs/messages/module-not-found @ http://localhost:3001/_next/static/chunks/10sf_next_dist_1prsa5x._.js:1052
[ 1214831ms] [ERROR] ./app/(app)/orders/new/page.tsx:3:1
Error: Module not found: Can't resolve 'drizzle-orm'
  1 | import Link from "next/link";
  2 | import { redirect } from "next/navigation";
> 3 | import { asc, eq } from "drizzle-orm";
    | ^^^^^^^^^^^^^^^^^^^^^^^^^^^^^^^^^^^^^^
  4 | import { db, schema } from "@/lib/db";
  5 | import { requireUser } from "@/lib/session";
  6 | import { getLocale, translator } from "@/lib/i18n";

https://nextjs.org/docs/messages/module-not-found @ http://localhost:3001/_next/static/chunks/10sf_next_dist_1prsa5x._.js:1052
[ 1214937ms] [ERROR] ./app/actions.ts:7:1
Error: Module not found: Can't resolve 'drizzle-orm'
   5 | import { cookies } from "next/headers";
   6 | import { randomInt } from "node:crypto";
>  7 | import { and, eq, gte, sql } from "drizzle-orm";
     | ^^^^^^^^^^^^^^^^^^^^^^^^^^^^^^^^^^^^^^^^^^^^^^^^
   8 | import { z } from "zod";
   9 | import { db, schema } from "@/lib/db";
  10 | import { createSession, destroySession, homeFor, requireUser, type SessionUser } from "@/l...

Import trace:
  Server Component:
    ./app/actions.ts
    ./components/lang-switch.tsx
    ./app/page.tsx

https://nextjs.org/docs/messages/module-not-found @ http://localhost:3001/_next/static/chunks/10sf_next_dist_1prsa5x._.js:1052
[ 1214938ms] [ERROR] ./lib/onec.ts:1:1
Error: Module not found: Can't resolve 'drizzle-orm'
> 1 | import { and, eq, lt } from "drizzle-orm";
    | ^^^^^^^^^^^^^^^^^^^^^^^^^^^^^^^^^^^^^^^^^^
  2 | import { db, schema } from "./db";
  3 |
  4 | export type OutboxTopic =

Import trace:
  Server Component:
    ./lib/onec.ts
    ./app/actions.ts
    ./components/lang-switch.tsx
    ./app/page.tsx

https://nextjs.org/docs/messages/module-not-found @ http://localhost:3001/_next/static/chunks/10sf_next_dist_1prsa5x._.js:1052
[ 1214938ms] [ERROR] ./lib/session.ts:4:1
Error: Module not found: Can't resolve 'drizzle-orm'
  2 | import { redirect } from "next/navigation";
  3 | import { createHmac, timingSafeEqual } from "node:crypto";
> 4 | import { eq } from "drizzle-orm";
    | ^^^^^^^^^^^^^^^^^^^^^^^^^^^^^^^^^
  5 | import { db, schema } from "./db";
  6 |
  7 | const SECRET = process.env.SESSION_SECRET ?? "dev-only-change-me";

Import trace:
  Server Component:
    ./lib/session.ts
    ./app/page.tsx

https://nextjs.org/docs/messages/module-not-found @ http://localhost:3001/_next/static/chunks/10sf_next_dist_1prsa5x._.js:1052
[ 1214938ms] [ERROR] ./lib/db/index.ts:2:1
Error: Module not found: Can't resolve 'drizzle-orm/better-sqlite3'
  1 | import Database from "better-sqlite3";
> 2 | import { drizzle } from "drizzle-orm/better-sqlite3";
    | ^^^^^^^^^^^^^^^^^^^^^^^^^^^^^^^^^^^^^^^^^^^^^^^^^^^^^
  3 | import * as schema from "./schema";
  4 |
  5 | // ponytail: один SQLite-файл на заводском сервере. Переезд на Postgres = смена драйвера Dr...

Import trace:
  Server Component:
    ./lib/db/index.ts
    ./lib/session.ts
    ./app/page.tsx

https://nextjs.org/docs/messages/module-not-found @ http://localhost:3001/_next/static/chunks/10sf_next_dist_1prsa5x._.js:1052
[ 1214938ms] [ERROR] ./lib/db/schema.ts:1:1
Error: Module not found: Can't resolve 'drizzle-orm/sqlite-core'
> 1 | import { sqliteTable, text, integer, index } from "drizzle-orm/sqlite-core";
    | ^^^^^^^^^^^^^^^^^^^^^^^^^^^^^^^^^^^^^^^^^^^^^^^^^^^^^^^^^^^^^^^^^^^^^^^^^^^^
  2 |
  3 | const now = () => Math.floor(Date.now() / 1000);
  4 |

Import trace:
  Server Component:
    ./lib/db/schema.ts
    ./lib/session.ts
    ./app/page.tsx

https://nextjs.org/docs/messages/module-not-found @ http://localhost:3001/_next/static/chunks/10sf_next_dist_1prsa5x._.js:1052
[ 1214938ms] [ERROR] ./app/(app)/orders/page.tsx:2:1
Error: Module not found: Can't resolve 'drizzle-orm'
  1 | import Link from "next/link";
> 2 | import { desc, eq, sql } from "drizzle-orm";
    | ^^^^^^^^^^^^^^^^^^^^^^^^^^^^^^^^^^^^^^^^^^^^
  3 | import { db, schema } from "@/lib/db";
  4 | import { requireUser } from "@/lib/session";
  5 | import { getLocale, translator } from "@/lib/i18n";

https://nextjs.org/docs/messages/module-not-found @ http://localhost:3001/_next/static/chunks/10sf_next_dist_1prsa5x._.js:1052
[ 1214938ms] [ERROR] ./lib/reports.ts:1:1
Error: Module not found: Can't resolve 'drizzle-orm'
> 1 | import { and, desc, eq, gte, lte, sql } from "drizzle-orm";
    | ^^^^^^^^^^^^^^^^^^^^^^^^^^^^^^^^^^^^^^^^^^^^^^^^^^^^^^^^^^^
  2 | import { db, schema } from "./db";
  3 |
  4 | export const PERIODS = [1, 7, 30, 90] as const;

Import trace:
  Server Component:
    ./lib/reports.ts
    ./app/(app)/reports/page.tsx

https://nextjs.org/docs/messages/module-not-found @ http://localhost:3001/_next/static/chunks/10sf_next_dist_1prsa5x._.js:1052
[ 1214938ms] [ERROR] ./app/(app)/board/page.tsx:1:1
Error: Module not found: Can't resolve 'drizzle-orm'
> 1 | import { desc, eq } from "drizzle-orm";
    | ^^^^^^^^^^^^^^^^^^^^^^^^^^^^^^^^^^^^^^^
  2 | import { db, schema } from "@/lib/db";
  3 | import { requireUser } from "@/lib/session";
  4 | import { getLocale, translator } from "@/lib/i18n";

https://nextjs.org/docs/messages/module-not-found @ http://localhost:3001/_next/static/chunks/10sf_next_dist_1prsa5x._.js:1052
[ 1214938ms] [ERROR] ./app/(app)/dealers/page.tsx:1:1
Error: Module not found: Can't resolve 'drizzle-orm'
> 1 | import { desc, eq, sql } from "drizzle-orm";
    | ^^^^^^^^^^^^^^^^^^^^^^^^^^^^^^^^^^^^^^^^^^^^
  2 | import { db, schema } from "@/lib/db";
  3 | import { requireUser } from "@/lib/session";
  4 | import { getLocale, translator } from "@/lib/i18n";

https://nextjs.org/docs/messages/module-not-found @ http://localhost:3001/_next/static/chunks/10sf_next_dist_1prsa5x._.js:1052
[ 1214938ms] [ERROR] ./app/(app)/gate/page.tsx:2:1
Error: Module not found: Can't resolve 'drizzle-orm'
  1 | import Link from "next/link";
> 2 | import { and, desc, eq, like, or } from "drizzle-orm";
    | ^^^^^^^^^^^^^^^^^^^^^^^^^^^^^^^^^^^^^^^^^^^^^^^^^^^^^^
  3 | import { db, schema } from "@/lib/db";
  4 | import { requireUser } from "@/lib/session";
  5 | import { getLocale, translator } from "@/lib/i18n";

https://nextjs.org/docs/messages/module-not-found @ http://localhost:3001/_next/static/chunks/10sf_next_dist_1prsa5x._.js:1052
[ 1214938ms] [ERROR] ./app/(app)/orders/new/page.tsx:3:1
Error: Module not found: Can't resolve 'drizzle-orm'
  1 | import Link from "next/link";
  2 | import { redirect } from "next/navigation";
> 3 | import { asc, eq } from "drizzle-orm";
    | ^^^^^^^^^^^^^^^^^^^^^^^^^^^^^^^^^^^^^^
  4 | import { db, schema } from "@/lib/db";
  5 | import { requireUser } from "@/lib/session";
  6 | import { getLocale, translator } from "@/lib/i18n";

https://nextjs.org/docs/messages/module-not-found @ http://localhost:3001/_next/static/chunks/10sf_next_dist_1prsa5x._.js:1052
[ 1215046ms] [LOG] [Fast Refresh] rebuilding @ http://localhost:3001/_next/static/chunks/10sf_next_dist_1prsa5x._.js:776
[ 1215394ms] [LOG] [Fast Refresh] done in 422ms @ http://localhost:3001/_next/static/chunks/10sf_next_dist_1prsa5x._.js:776
[ 1215394ms] [LOG] [Fast Refresh] done in 422ms @ http://localhost:3001/_next/static/chunks/10sf_next_dist_1prsa5x._.js:776
[ 1215420ms] [LOG] [Fast Refresh] done in 422ms @ http://localhost:3001/_next/static/chunks/10sf_next_dist_1prsa5x._.js:776
[ 1215461ms] [LOG] [Fast Refresh] done in 422ms @ http://localhost:3001/_next/static/chunks/10sf_next_dist_1prsa5x._.js:776
[ 1215558ms] [LOG] [Fast Refresh] done in 422ms @ http://localhost:3001/_next/static/chunks/10sf_next_dist_1prsa5x._.js:776
[ 1215956ms] [ERROR] ./lib/db/index.ts:1:1
Error: Module not found: Can't resolve 'better-sqlite3'
> 1 | import Database from "better-sqlite3";
    | ^^^^^^^^^^^^^^^^^^^^^^^^^^^^^^^^^^^^^^
  2 | import { drizzle } from "drizzle-orm/better-sqlite3";
  3 | import * as schema from "./schema";
  4 |

Import trace:
  Server Component:
    ./lib/db/index.ts
    ./lib/session.ts
    ./app/page.tsx

https://nextjs.org/docs/messages/module-not-found @ http://localhost:3001/_next/static/chunks/10sf_next_dist_1prsa5x._.js:1052
[ 1215992ms] [LOG] [Fast Refresh] rebuilding @ http://localhost:3001/_next/static/chunks/10sf_next_dist_1prsa5x._.js:776
[ 1226429ms] [LOG] [Fast Refresh] rebuilding @ http://localhost:3001/_next/static/chunks/10sf_next_dist_1prsa5x._.js:776
[ 1226508ms] [LOG] [Fast Refresh] done in 174ms @ http://localhost:3001/_next/static/chunks/10sf_next_dist_1prsa5x._.js:776
[ 1227312ms] [LOG] [Fast Refresh] done in 174ms @ http://localhost:3001/_next/static/chunks/10sf_next_dist_1prsa5x._.js:776
[ 1227395ms] [LOG] [Fast Refresh] done in 174ms @ http://localhost:3001/_next/static/chunks/10sf_next_dist_1prsa5x._.js:776
[ 1265131ms] [LOG] [Fast Refresh] done in 174ms @ http://localhost:3001/_next/static/chunks/10sf_next_dist_1prsa5x._.js:776
[ 1288966ms] [LOG] [Fast Refresh] done in 174ms @ http://localhost:3001/_next/static/chunks/10sf_next_dist_1prsa5x._.js:776
[ 1296691ms] [ERROR] WebSocket connection to 'ws://localhost:3001/_next/hmr?id=NvdoQiSqrxJgG12ZzBxyr' failed: Error in connection establishment: net::ERR_CONNECTION_REFUSED @ http://localhost:3001/_next/static/chunks/10sf_next_dist_client_1pywhcu._.js:16348
[ 1297693ms] [ERROR] WebSocket connection to 'ws://localhost:3001/_next/hmr?id=NvdoQiSqrxJgG12ZzBxyr' failed: Error in connection establishment: net::ERR_CONNECTION_REFUSED @ http://localhost:3001/_next/static/chunks/10sf_next_dist_client_1pywhcu._.js:16348
[ 1298696ms] [ERROR] WebSocket connection to 'ws://localhost:3001/_next/hmr?id=NvdoQiSqrxJgG12ZzBxyr' failed: Error in connection establishment: net::ERR_CONNECTION_REFUSED @ http://localhost:3001/_next/static/chunks/10sf_next_dist_client_1pywhcu._.js:16348
[ 1299699ms] [ERROR] WebSocket connection to 'ws://localhost:3001/_next/hmr?id=NvdoQiSqrxJgG12ZzBxyr' failed: Error in connection establishment: net::ERR_CONNECTION_REFUSED @ http://localhost:3001/_next/static/chunks/10sf_next_dist_client_1pywhcu._.js:16348
[ 1300704ms] [ERROR] WebSocket connection to 'ws://localhost:3001/_next/hmr?id=NvdoQiSqrxJgG12ZzBxyr' failed: Error in connection establishment: net::ERR_CONNECTION_REFUSED @ http://localhost:3001/_next/static/chunks/10sf_next_dist_client_1pywhcu._.js:16348
[ 1305712ms] [ERROR] WebSocket connection to 'ws://localhost:3001/_next/hmr?id=NvdoQiSqrxJgG12ZzBxyr' failed: Error in connection establishment: net::ERR_CONNECTION_REFUSED @ http://localhost:3001/_next/static/chunks/10sf_next_dist_client_1pywhcu._.js:16348
[ 1310726ms] [ERROR] WebSocket connection to 'ws://localhost:3001/_next/hmr?id=NvdoQiSqrxJgG12ZzBxyr' failed: Error in connection establishment: net::ERR_CONNECTION_REFUSED @ http://localhost:3001/_next/static/chunks/10sf_next_dist_client_1pywhcu._.js:16348
[ 1314543ms] [INFO] %cDownload the React DevTools for a better development experience: https://react.dev/link/react-devtools font-weight:bold @ http://localhost:3000/_next/static/chunks/10sf_next_dist_1prsa5x._.js:776
[ 1314586ms] [LOG] [HMR] connected @ http://localhost:3000/_next/static/chunks/10sf_next_dist_1prsa5x._.js:776
[ 1315719ms] [INFO] %cDownload the React DevTools for a better development experience: https://react.dev/link/react-devtools font-weight:bold @ http://localhost:3000/_next/static/chunks/10sf_next_dist_1prsa5x._.js:776
[ 1315728ms] [LOG] [HMR] connected @ http://localhost:3000/_next/static/chunks/10sf_next_dist_1prsa5x._.js:776
[ 1316491ms] [INFO] %cDownload the React DevTools for a better development experience: https://react.dev/link/react-devtools font-weight:bold @ http://localhost:3000/_next/static/chunks/10sf_next_dist_1prsa5x._.js:776
[ 1316499ms] [LOG] [HMR] connected @ http://localhost:3000/_next/static/chunks/10sf_next_dist_1prsa5x._.js:776
[ 1317105ms] [INFO] %cDownload the React DevTools for a better development experience: https://react.dev/link/react-devtools font-weight:bold @ http://localhost:3000/_next/static/chunks/10sf_next_dist_1prsa5x._.js:776
[ 1317112ms] [LOG] [HMR] connected @ http://localhost:3000/_next/static/chunks/10sf_next_dist_1prsa5x._.js:776
[ 1317737ms] [INFO] %cDownload the React DevTools for a better development experience: https://react.dev/link/react-devtools font-weight:bold @ http://localhost:3000/_next/static/chunks/10sf_next_dist_1prsa5x._.js:776
[ 1317746ms] [LOG] [HMR] connected @ http://localhost:3000/_next/static/chunks/10sf_next_dist_1prsa5x._.js:776
[ 1318355ms] [INFO] %cDownload the React DevTools for a better development experience: https://react.dev/link/react-devtools font-weight:bold @ http://localhost:3000/_next/static/chunks/10sf_next_dist_1prsa5x._.js:776
[ 1318365ms] [LOG] [HMR] connected @ http://localhost:3000/_next/static/chunks/10sf_next_dist_1prsa5x._.js:776
