[     267ms] [INFO] %cDownload the React DevTools for a better development experience: https://react.dev/link/react-devtools font-weight:bold @ http://localhost:3001/_next/static/chunks/10sf_next_dist_1prsa5x._.js:776
[     303ms] [LOG] [HMR] connected @ http://localhost:3001/_next/static/chunks/10sf_next_dist_1prsa5x._.js:776
[     416ms] [INFO] %cDownload the React DevTools for a better development experience: https://react.dev/link/react-devtools font-weight:bold @ http://localhost:3001/_next/static/chunks/10sf_next_dist_1prsa5x._.js:776
[     423ms] [LOG] [HMR] connected @ http://localhost:3001/_next/static/chunks/10sf_next_dist_1prsa5x._.js:776
[    1189ms] [INFO] %cDownload the React DevTools for a better development experience: https://react.dev/link/react-devtools font-weight:bold @ http://localhost:3001/_next/static/chunks/10sf_next_dist_1prsa5x._.js:776
[    1212ms] [LOG] [HMR] connected @ http://localhost:3001/_next/static/chunks/10sf_next_dist_1prsa5x._.js:776
[    1682ms] [INFO] %cDownload the React DevTools for a better development experience: https://react.dev/link/react-devtools font-weight:bold @ http://localhost:3001/_next/static/chunks/10sf_next_dist_1prsa5x._.js:776
[    1689ms] [LOG] [HMR] connected @ http://localhost:3001/_next/static/chunks/10sf_next_dist_1prsa5x._.js:776
[    2228ms] [INFO] %cDownload the React DevTools for a better development experience: https://react.dev/link/react-devtools font-weight:bold @ http://localhost:3001/_next/static/chunks/10sf_next_dist_1prsa5x._.js:776
[    2237ms] [LOG] [HMR] connected @ http://localhost:3001/_next/static/chunks/10sf_next_dist_1prsa5x._.js:776
[    2698ms] [INFO] %cDownload the React DevTools for a better development experience: https://react.dev/link/react-devtools font-weight:bold @ http://localhost:3001/_next/static/chunks/10sf_next_dist_1prsa5x._.js:776
[    2704ms] [LOG] [HMR] connected @ http://localhost:3001/_next/static/chunks/10sf_next_dist_1prsa5x._.js:776
[    3177ms] [INFO] %cDownload the React DevTools for a better development experience: https://react.dev/link/react-devtools font-weight:bold @ http://localhost:3001/_next/static/chunks/10sf_next_dist_1prsa5x._.js:776
[    3183ms] [LOG] [HMR] connected @ http://localhost:3001/_next/static/chunks/10sf_next_dist_1prsa5x._.js:776
[    3699ms] [INFO] %cDownload the React DevTools for a better development experience: https://react.dev/link/react-devtools font-weight:bold @ http://localhost:3001/_next/static/chunks/10sf_next_dist_1prsa5x._.js:776
[    3706ms] [LOG] [HMR] connected @ http://localhost:3001/_next/static/chunks/10sf_next_dist_1prsa5x._.js:776
[    4444ms] [INFO] %cDownload the React DevTools for a better development experience: https://react.dev/link/react-devtools font-weight:bold @ http://localhost:3001/_next/static/chunks/10sf_next_dist_1prsa5x._.js:776
[    4453ms] [LOG] [HMR] connected @ http://localhost:3001/_next/static/chunks/10sf_next_dist_1prsa5x._.js:776
[    4907ms] [INFO] %cDownload the React DevTools for a better development experience: https://react.dev/link/react-devtools font-weight:bold @ http://localhost:3001/_next/static/chunks/10sf_next_dist_1prsa5x._.js:776
[    4914ms] [LOG] [HMR] connected @ http://localhost:3001/_next/static/chunks/10sf_next_dist_1prsa5x._.js:776
[    5397ms] [INFO] %cDownload the React DevTools for a better development experience: https://react.dev/link/react-devtools font-weight:bold @ http://localhost:3001/_next/static/chunks/10sf_next_dist_1prsa5x._.js:776
[    5404ms] [LOG] [HMR] connected @ http://localhost:3001/_next/static/chunks/10sf_next_dist_1prsa5x._.js:776
[    5846ms] [ERROR] Failed to load resource: the server responded with a status of 500 (Internal Server Error) @ http://localhost:3001/kpp:0
[    5869ms] [INFO] %cDownload the React DevTools for a better development experience: https://react.dev/link/react-devtools font-weight:bold @ http://localhost:3001/_next/static/chunks/10sf_next_dist_1prsa5x._.js:776
[    5876ms] [LOG] [HMR] connected @ http://localhost:3001/_next/static/chunks/10sf_next_dist_1prsa5x._.js:776
[    5895ms] Error: FORBIDDEN
    at requireUser (about://React/Server/file:///Users/shakhron/Developer/Jama/.next/dev/server/chunks/ssr/%5Broot-of-the-server%5D__1mv0j9g._.js?0:855:84)
    at  GatePage (about://React/Server/file:///Users/shakhron/Developer/Jama/.next/dev/server/chunks/ssr/%255Broot-of-the-server%255D__1ko9s1-._.js?id=%255Bproject%255D/app/(app)/kpp/page.tsx+%255Bapp-rsc%255D+(ecmascript)?1:40:5)
    at resolveErrorDev (http://localhost:3001/_next/static/chunks/10sf_next_dist_compiled_react-server-dom-turbopack_1qe08wu._.js:1937:105)
    at processFullStringRow (http://localhost:3001/_next/static/chunks/10sf_next_dist_compiled_react-server-dom-turbopack_1qe08wu._.js:2456:29)
    at processFullBinaryRow (http://localhost:3001/_next/static/chunks/10sf_next_dist_compiled_react-server-dom-turbopack_1qe08wu._.js:2415:9)
    at processBinaryChunk (http://localhost:3001/_next/static/chunks/10sf_next_dist_compiled_react-server-dom-turbopack_1qe08wu._.js:2524:221)
    at progress (http://localhost:3001/_next/static/chunks/10sf_next_dist_compiled_react-server-dom-turbopack_1qe08wu._.js:2711:13)
[    5984ms] TypeError: Failed to execute 'measure' on 'Performance': '​GatePage' cannot have a negative time stamp.
    at flushComponentPerformance (http://localhost:3001/_next/static/chunks/10sf_next_dist_compiled_react-server-dom-turbopack_1qe08wu._.js:2206:45)
    at flushComponentPerformance (http://localhost:3001/_next/static/chunks/10sf_next_dist_compiled_react-server-dom-turbopack_1qe08wu._.js:2178:31)
    at flushInitialRenderPerformance (http://localhost:3001/_next/static/chunks/10sf_next_dist_compiled_react-server-dom-turbopack_1qe08wu._.js:2368:74)
[    6363ms] [INFO] %cDownload the React DevTools for a better development experience: https://react.dev/link/react-devtools font-weight:bold @ http://localhost:3001/_next/static/chunks/10sf_next_dist_1prsa5x._.js:776
[    6386ms] [LOG] [HMR] connected @ http://localhost:3001/_next/static/chunks/10sf_next_dist_1prsa5x._.js:776
[    6910ms] [INFO] %cDownload the React DevTools for a better development experience: https://react.dev/link/react-devtools font-weight:bold @ http://localhost:3001/_next/static/chunks/10sf_next_dist_1prsa5x._.js:776
[    6917ms] [LOG] [HMR] connected @ http://localhost:3001/_next/static/chunks/10sf_next_dist_1prsa5x._.js:776
[    7640ms] [INFO] %cDownload the React DevTools for a better development experience: https://react.dev/link/react-devtools font-weight:bold @ http://localhost:3001/_next/static/chunks/10sf_next_dist_1prsa5x._.js:776
[    7646ms] [LOG] [HMR] connected @ http://localhost:3001/_next/static/chunks/10sf_next_dist_1prsa5x._.js:776
[    8098ms] [ERROR] Failed to load resource: the server responded with a status of 500 (Internal Server Error) @ http://localhost:3001/zayavki/new:0
[    8112ms] [INFO] %cDownload the React DevTools for a better development experience: https://react.dev/link/react-devtools font-weight:bold @ http://localhost:3001/_next/static/chunks/10sf_next_dist_1prsa5x._.js:776
[    8117ms] [LOG] [HMR] connected @ http://localhost:3001/_next/static/chunks/10sf_next_dist_1prsa5x._.js:776
[    8133ms] Error: FORBIDDEN
    at requireUser (about://React/Server/file:///Users/shakhron/Developer/Jama/.next/dev/server/chunks/ssr/%5Broot-of-the-server%5D__1mv0j9g._.js?0:855:84)
    at  NewOrderPage (about://React/Server/file:///Users/shakhron/Developer/Jama/.next/dev/server/chunks/ssr/%255Broot-of-the-server%255D__0qi1h0p._.js?id=%255Bproject%255D/app/(app)/zayavki/new/page.tsx+%255Bapp-rsc%255D+(ecmascript)?1:32:18)
    at resolveErrorDev (http://localhost:3001/_next/static/chunks/10sf_next_dist_compiled_react-server-dom-turbopack_1qe08wu._.js:1937:105)
    at processFullStringRow (http://localhost:3001/_next/static/chunks/10sf_next_dist_compiled_react-server-dom-turbopack_1qe08wu._.js:2456:29)
    at processFullBinaryRow (http://localhost:3001/_next/static/chunks/10sf_next_dist_compiled_react-server-dom-turbopack_1qe08wu._.js:2415:9)
    at processBinaryChunk (http://localhost:3001/_next/static/chunks/10sf_next_dist_compiled_react-server-dom-turbopack_1qe08wu._.js:2524:221)
    at progress (http://localhost:3001/_next/static/chunks/10sf_next_dist_compiled_react-server-dom-turbopack_1qe08wu._.js:2711:13)
[    8221ms] TypeError: Failed to execute 'measure' on 'Performance': '​NewOrderPage' cannot have a negative time stamp.
    at flushComponentPerformance (http://localhost:3001/_next/static/chunks/10sf_next_dist_compiled_react-server-dom-turbopack_1qe08wu._.js:2206:45)
    at flushComponentPerformance (http://localhost:3001/_next/static/chunks/10sf_next_dist_compiled_react-server-dom-turbopack_1qe08wu._.js:2178:31)
    at flushInitialRenderPerformance (http://localhost:3001/_next/static/chunks/10sf_next_dist_compiled_react-server-dom-turbopack_1qe08wu._.js:2368:74)
[    8599ms] [INFO] %cDownload the React DevTools for a better development experience: https://react.dev/link/react-devtools font-weight:bold @ http://localhost:3001/_next/static/chunks/10sf_next_dist_1prsa5x._.js:776
[    8608ms] [LOG] [HMR] connected @ http://localhost:3001/_next/static/chunks/10sf_next_dist_1prsa5x._.js:776
[    9068ms] [INFO] %cDownload the React DevTools for a better development experience: https://react.dev/link/react-devtools font-weight:bold @ http://localhost:3001/_next/static/chunks/10sf_next_dist_1prsa5x._.js:776
[    9074ms] [LOG] [HMR] connected @ http://localhost:3001/_next/static/chunks/10sf_next_dist_1prsa5x._.js:776
[    9546ms] [INFO] %cDownload the React DevTools for a better development experience: https://react.dev/link/react-devtools font-weight:bold @ http://localhost:3001/_next/static/chunks/10sf_next_dist_1prsa5x._.js:776
[    9551ms] [LOG] [HMR] connected @ http://localhost:3001/_next/static/chunks/10sf_next_dist_1prsa5x._.js:776
[   10069ms] [INFO] %cDownload the React DevTools for a better development experience: https://react.dev/link/react-devtools font-weight:bold @ http://localhost:3001/_next/static/chunks/10sf_next_dist_1prsa5x._.js:776
[   10075ms] [LOG] [HMR] connected @ http://localhost:3001/_next/static/chunks/10sf_next_dist_1prsa5x._.js:776
[   10792ms] [INFO] %cDownload the React DevTools for a better development experience: https://react.dev/link/react-devtools font-weight:bold @ http://localhost:3001/_next/static/chunks/10sf_next_dist_1prsa5x._.js:776
[   10798ms] [LOG] [HMR] connected @ http://localhost:3001/_next/static/chunks/10sf_next_dist_1prsa5x._.js:776
[   11271ms] [ERROR] Failed to load resource: the server responded with a status of 500 (Internal Server Error) @ http://localhost:3001/zayavki/new:0
[   11286ms] [INFO] %cDownload the React DevTools for a better development experience: https://react.dev/link/react-devtools font-weight:bold @ http://localhost:3001/_next/static/chunks/10sf_next_dist_1prsa5x._.js:776
[   11292ms] [LOG] [HMR] connected @ http://localhost:3001/_next/static/chunks/10sf_next_dist_1prsa5x._.js:776
[   11308ms] Error: FORBIDDEN
    at requireUser (about://React/Server/file:///Users/shakhron/Developer/Jama/.next/dev/server/chunks/ssr/%5Broot-of-the-server%5D__1mv0j9g._.js?0:855:84)
    at  NewOrderPage (about://React/Server/file:///Users/shakhron/Developer/Jama/.next/dev/server/chunks/ssr/%255Broot-of-the-server%255D__0qi1h0p._.js?id=%255Bproject%255D/app/(app)/zayavki/new/page.tsx+%255Bapp-rsc%255D+(ecmascript)?1:32:18)
    at resolveErrorDev (http://localhost:3001/_next/static/chunks/10sf_next_dist_compiled_react-server-dom-turbopack_1qe08wu._.js:1937:105)
    at processFullStringRow (http://localhost:3001/_next/static/chunks/10sf_next_dist_compiled_react-server-dom-turbopack_1qe08wu._.js:2456:29)
    at processFullBinaryRow (http://localhost:3001/_next/static/chunks/10sf_next_dist_compiled_react-server-dom-turbopack_1qe08wu._.js:2415:9)
    at processBinaryChunk (http://localhost:3001/_next/static/chunks/10sf_next_dist_compiled_react-server-dom-turbopack_1qe08wu._.js:2524:221)
    at progress (http://localhost:3001/_next/static/chunks/10sf_next_dist_compiled_react-server-dom-turbopack_1qe08wu._.js:2711:13)
[   11789ms] [INFO] %cDownload the React DevTools for a better development experience: https://react.dev/link/react-devtools font-weight:bold @ http://localhost:3001/_next/static/chunks/10sf_next_dist_1prsa5x._.js:776
[   11796ms] [LOG] [HMR] connected @ http://localhost:3001/_next/static/chunks/10sf_next_dist_1prsa5x._.js:776
[   12233ms] [ERROR] Failed to load resource: the server responded with a status of 500 (Internal Server Error) @ http://localhost:3001/kpp:0
[   12251ms] [INFO] %cDownload the React DevTools for a better development experience: https://react.dev/link/react-devtools font-weight:bold @ http://localhost:3001/_next/static/chunks/10sf_next_dist_1prsa5x._.js:776
[   12257ms] [LOG] [HMR] connected @ http://localhost:3001/_next/static/chunks/10sf_next_dist_1prsa5x._.js:776
[   12272ms] Error: FORBIDDEN
    at requireUser (about://React/Server/file:///Users/shakhron/Developer/Jama/.next/dev/server/chunks/ssr/%5Broot-of-the-server%5D__1mv0j9g._.js?0:855:84)
    at  GatePage (about://React/Server/file:///Users/shakhron/Developer/Jama/.next/dev/server/chunks/ssr/%255Broot-of-the-server%255D__1ko9s1-._.js?id=%255Bproject%255D/app/(app)/kpp/page.tsx+%255Bapp-rsc%255D+(ecmascript)?1:40:5)
    at resolveErrorDev (http://localhost:3001/_next/static/chunks/10sf_next_dist_compiled_react-server-dom-turbopack_1qe08wu._.js:1937:105)
    at processFullStringRow (http://localhost:3001/_next/static/chunks/10sf_next_dist_compiled_react-server-dom-turbopack_1qe08wu._.js:2456:29)
    at processFullBinaryRow (http://localhost:3001/_next/static/chunks/10sf_next_dist_compiled_react-server-dom-turbopack_1qe08wu._.js:2415:9)
    at processBinaryChunk (http://localhost:3001/_next/static/chunks/10sf_next_dist_compiled_react-server-dom-turbopack_1qe08wu._.js:2524:221)
    at progress (http://localhost:3001/_next/static/chunks/10sf_next_dist_compiled_react-server-dom-turbopack_1qe08wu._.js:2711:13)
[   12359ms] TypeError: Failed to execute 'measure' on 'Performance': '​GatePage' cannot have a negative time stamp.
    at flushComponentPerformance (http://localhost:3001/_next/static/chunks/10sf_next_dist_compiled_react-server-dom-turbopack_1qe08wu._.js:2206:45)
    at flushComponentPerformance (http://localhost:3001/_next/static/chunks/10sf_next_dist_compiled_react-server-dom-turbopack_1qe08wu._.js:2178:31)
    at flushInitialRenderPerformance (http://localhost:3001/_next/static/chunks/10sf_next_dist_compiled_react-server-dom-turbopack_1qe08wu._.js:2368:74)
[   42702ms] [LOG] [Fast Refresh] rebuilding @ http://localhost:3001/_next/static/chunks/10sf_next_dist_1prsa5x._.js:776
[   42761ms] [LOG] [Fast Refresh] done in 55ms @ http://localhost:3001/_next/static/chunks/10sf_next_dist_1prsa5x._.js:776
[   42924ms] [LOG] [Fast Refresh] done in 55ms @ http://localhost:3001/_next/static/chunks/10sf_next_dist_1prsa5x._.js:776
[   42966ms] [LOG] [Fast Refresh] done in 55ms @ http://localhost:3001/_next/static/chunks/10sf_next_dist_1prsa5x._.js:776
[   43054ms] [INFO] %cDownload the React DevTools for a better development experience: https://react.dev/link/react-devtools font-weight:bold @ http://localhost:3001/_next/static/chunks/10sf_next_dist_1prsa5x._.js:776
[   43079ms] [LOG] [HMR] connected @ http://localhost:3001/_next/static/chunks/10sf_next_dist_1prsa5x._.js:776
[   62744ms] [LOG] [Fast Refresh] rebuilding @ http://localhost:3001/_next/static/chunks/10sf_next_dist_1prsa5x._.js:776
[   63223ms] [LOG] [Fast Refresh] done in 571ms @ http://localhost:3001/_next/static/chunks/10sf_next_dist_1prsa5x._.js:776
[   63278ms] [LOG] [Fast Refresh] done in 571ms @ http://localhost:3001/_next/static/chunks/10sf_next_dist_1prsa5x._.js:776
[   63427ms] [LOG] [Fast Refresh] done in 571ms @ http://localhost:3001/_next/static/chunks/10sf_next_dist_1prsa5x._.js:776
[   75596ms] [LOG] [Fast Refresh] done in 571ms @ http://localhost:3001/_next/static/chunks/10sf_next_dist_1prsa5x._.js:776
[   75639ms] [INFO] %cDownload the React DevTools for a better development experience: https://react.dev/link/react-devtools font-weight:bold @ http://localhost:3001/_next/static/chunks/10sf_next_dist_1prsa5x._.js:776
[   75649ms] [LOG] [HMR] connected @ http://localhost:3001/_next/static/chunks/10sf_next_dist_1prsa5x._.js:776
[   76208ms] [INFO] %cDownload the React DevTools for a better development experience: https://react.dev/link/react-devtools font-weight:bold @ http://localhost:3001/_next/static/chunks/10sf_next_dist_1prsa5x._.js:776
[   76216ms] [LOG] [HMR] connected @ http://localhost:3001/_next/static/chunks/10sf_next_dist_1prsa5x._.js:776
[   76961ms] [INFO] %cDownload the React DevTools for a better development experience: https://react.dev/link/react-devtools font-weight:bold @ http://localhost:3001/_next/static/chunks/10sf_next_dist_1prsa5x._.js:776
[   76967ms] [LOG] [HMR] connected @ http://localhost:3001/_next/static/chunks/10sf_next_dist_1prsa5x._.js:776
[   86529ms] [INFO] %cDownload the React DevTools for a better development experience: https://react.dev/link/react-devtools font-weight:bold @ http://localhost:3001/_next/static/chunks/10sf_next_dist_1prsa5x._.js:776
[   86536ms] [LOG] [HMR] connected @ http://localhost:3001/_next/static/chunks/10sf_next_dist_1prsa5x._.js:776
[   87068ms] [INFO] %cDownload the React DevTools for a better development experience: https://react.dev/link/react-devtools font-weight:bold @ http://localhost:3001/_next/static/chunks/10sf_next_dist_1prsa5x._.js:776
[   87074ms] [LOG] [HMR] connected @ http://localhost:3001/_next/static/chunks/10sf_next_dist_1prsa5x._.js:776
[   87791ms] [INFO] %cDownload the React DevTools for a better development experience: https://react.dev/link/react-devtools font-weight:bold @ http://localhost:3001/_next/static/chunks/10sf_next_dist_1prsa5x._.js:776
[   87799ms] [LOG] [HMR] connected @ http://localhost:3001/_next/static/chunks/10sf_next_dist_1prsa5x._.js:776
[   88235ms] [INFO] %cDownload the React DevTools for a better development experience: https://react.dev/link/react-devtools font-weight:bold @ http://localhost:3001/_next/static/chunks/10sf_next_dist_1prsa5x._.js:776
[   88242ms] [LOG] [HMR] connected @ http://localhost:3001/_next/static/chunks/10sf_next_dist_1prsa5x._.js:776
[   88686ms] [INFO] %cDownload the React DevTools for a better development experience: https://react.dev/link/react-devtools font-weight:bold @ http://localhost:3001/_next/static/chunks/10sf_next_dist_1prsa5x._.js:776
[   88691ms] [LOG] [HMR] connected @ http://localhost:3001/_next/static/chunks/10sf_next_dist_1prsa5x._.js:776
[   89081ms] [ERROR] Failed to load resource: the server responded with a status of 404 (Not Found) @ http://localhost:3001/zayavki/999:0
[   89102ms] [INFO] %cDownload the React DevTools for a better development experience: https://react.dev/link/react-devtools font-weight:bold @ http://localhost:3001/_next/static/chunks/10sf_next_dist_1prsa5x._.js:776
[   89108ms] [LOG] [HMR] connected @ http://localhost:3001/_next/static/chunks/10sf_next_dist_1prsa5x._.js:776
[   89213ms] TypeError: Failed to execute 'measure' on 'Performance': '​OrderPage' cannot have a negative time stamp.
    at flushComponentPerformance (http://localhost:3001/_next/static/chunks/10sf_next_dist_compiled_react-server-dom-turbopack_1qe08wu._.js:2206:45)
    at flushComponentPerformance (http://localhost:3001/_next/static/chunks/10sf_next_dist_compiled_react-server-dom-turbopack_1qe08wu._.js:2178:31)
    at flushInitialRenderPerformance (http://localhost:3001/_next/static/chunks/10sf_next_dist_compiled_react-server-dom-turbopack_1qe08wu._.js:2368:74)
[   89521ms] [INFO] %cDownload the React DevTools for a better development experience: https://react.dev/link/react-devtools font-weight:bold @ http://localhost:3001/_next/static/chunks/10sf_next_dist_1prsa5x._.js:776
[   89529ms] [LOG] [HMR] connected @ http://localhost:3001/_next/static/chunks/10sf_next_dist_1prsa5x._.js:776
[   89962ms] [INFO] %cDownload the React DevTools for a better development experience: https://react.dev/link/react-devtools font-weight:bold @ http://localhost:3001/_next/static/chunks/10sf_next_dist_1prsa5x._.js:776
[   89969ms] [LOG] [HMR] connected @ http://localhost:3001/_next/static/chunks/10sf_next_dist_1prsa5x._.js:776
[   90485ms] [INFO] %cDownload the React DevTools for a better development experience: https://react.dev/link/react-devtools font-weight:bold @ http://localhost:3001/_next/static/chunks/10sf_next_dist_1prsa5x._.js:776
[   90491ms] [LOG] [HMR] connected @ http://localhost:3001/_next/static/chunks/10sf_next_dist_1prsa5x._.js:776
[   91135ms] [INFO] %cDownload the React DevTools for a better development experience: https://react.dev/link/react-devtools font-weight:bold @ http://localhost:3001/_next/static/chunks/10sf_next_dist_1prsa5x._.js:776
[   91142ms] [LOG] [HMR] connected @ http://localhost:3001/_next/static/chunks/10sf_next_dist_1prsa5x._.js:776
[   91565ms] [INFO] %cDownload the React DevTools for a better development experience: https://react.dev/link/react-devtools font-weight:bold @ http://localhost:3001/_next/static/chunks/10sf_next_dist_1prsa5x._.js:776
[   91571ms] [LOG] [HMR] connected @ http://localhost:3001/_next/static/chunks/10sf_next_dist_1prsa5x._.js:776
[   92004ms] [INFO] %cDownload the React DevTools for a better development experience: https://react.dev/link/react-devtools font-weight:bold @ http://localhost:3001/_next/static/chunks/10sf_next_dist_1prsa5x._.js:776
[   92010ms] [LOG] [HMR] connected @ http://localhost:3001/_next/static/chunks/10sf_next_dist_1prsa5x._.js:776
[   92416ms] [ERROR] Failed to load resource: the server responded with a status of 404 (Not Found) @ http://localhost:3001/zayavki/999:0
[   92431ms] [INFO] %cDownload the React DevTools for a better development experience: https://react.dev/link/react-devtools font-weight:bold @ http://localhost:3001/_next/static/chunks/10sf_next_dist_1prsa5x._.js:776
[   92437ms] [LOG] [HMR] connected @ http://localhost:3001/_next/static/chunks/10sf_next_dist_1prsa5x._.js:776
[   92859ms] [INFO] %cDownload the React DevTools for a better development experience: https://react.dev/link/react-devtools font-weight:bold @ http://localhost:3001/_next/static/chunks/10sf_next_dist_1prsa5x._.js:776
[   92865ms] [LOG] [HMR] connected @ http://localhost:3001/_next/static/chunks/10sf_next_dist_1prsa5x._.js:776
[   93288ms] [INFO] %cDownload the React DevTools for a better development experience: https://react.dev/link/react-devtools font-weight:bold @ http://localhost:3001/_next/static/chunks/10sf_next_dist_1prsa5x._.js:776
[   93294ms] [LOG] [HMR] connected @ http://localhost:3001/_next/static/chunks/10sf_next_dist_1prsa5x._.js:776
[   93820ms] [INFO] %cDownload the React DevTools for a better development experience: https://react.dev/link/react-devtools font-weight:bold @ http://localhost:3001/_next/static/chunks/10sf_next_dist_1prsa5x._.js:776
[   93826ms] [LOG] [HMR] connected @ http://localhost:3001/_next/static/chunks/10sf_next_dist_1prsa5x._.js:776
[   94564ms] [INFO] %cDownload the React DevTools for a better development experience: https://react.dev/link/react-devtools font-weight:bold @ http://localhost:3001/_next/static/chunks/10sf_next_dist_1prsa5x._.js:776
[   94573ms] [LOG] [HMR] connected @ http://localhost:3001/_next/static/chunks/10sf_next_dist_1prsa5x._.js:776
[   95013ms] [INFO] %cDownload the React DevTools for a better development experience: https://react.dev/link/react-devtools font-weight:bold @ http://localhost:3001/_next/static/chunks/10sf_next_dist_1prsa5x._.js:776
[   95020ms] [LOG] [HMR] connected @ http://localhost:3001/_next/static/chunks/10sf_next_dist_1prsa5x._.js:776
[   95458ms] [INFO] %cDownload the React DevTools for a better development experience: https://react.dev/link/react-devtools font-weight:bold @ http://localhost:3001/_next/static/chunks/10sf_next_dist_1prsa5x._.js:776
[   95464ms] [LOG] [HMR] connected @ http://localhost:3001/_next/static/chunks/10sf_next_dist_1prsa5x._.js:776
[   95883ms] [ERROR] Failed to load resource: the server responded with a status of 404 (Not Found) @ http://localhost:3001/zayavki/999:0
[   95898ms] [INFO] %cDownload the React DevTools for a better development experience: https://react.dev/link/react-devtools font-weight:bold @ http://localhost:3001/_next/static/chunks/10sf_next_dist_1prsa5x._.js:776
[   95904ms] [LOG] [HMR] connected @ http://localhost:3001/_next/static/chunks/10sf_next_dist_1prsa5x._.js:776
[   96304ms] [INFO] %cDownload the React DevTools for a better development experience: https://react.dev/link/react-devtools font-weight:bold @ http://localhost:3001/_next/static/chunks/10sf_next_dist_1prsa5x._.js:776
[   96310ms] [LOG] [HMR] connected @ http://localhost:3001/_next/static/chunks/10sf_next_dist_1prsa5x._.js:776
[   96719ms] [INFO] %cDownload the React DevTools for a better development experience: https://react.dev/link/react-devtools font-weight:bold @ http://localhost:3001/_next/static/chunks/10sf_next_dist_1prsa5x._.js:776
[   96726ms] [LOG] [HMR] connected @ http://localhost:3001/_next/static/chunks/10sf_next_dist_1prsa5x._.js:776
[   97250ms] [INFO] %cDownload the React DevTools for a better development experience: https://react.dev/link/react-devtools font-weight:bold @ http://localhost:3001/_next/static/chunks/10sf_next_dist_1prsa5x._.js:776
[   97255ms] [LOG] [HMR] connected @ http://localhost:3001/_next/static/chunks/10sf_next_dist_1prsa5x._.js:776
[   97986ms] [INFO] %cDownload the React DevTools for a better development experience: https://react.dev/link/react-devtools font-weight:bold @ http://localhost:3001/_next/static/chunks/10sf_next_dist_1prsa5x._.js:776
[   97992ms] [LOG] [HMR] connected @ http://localhost:3001/_next/static/chunks/10sf_next_dist_1prsa5x._.js:776
[   98411ms] [INFO] %cDownload the React DevTools for a better development experience: https://react.dev/link/react-devtools font-weight:bold @ http://localhost:3001/_next/static/chunks/10sf_next_dist_1prsa5x._.js:776
[   98416ms] [LOG] [HMR] connected @ http://localhost:3001/_next/static/chunks/10sf_next_dist_1prsa5x._.js:776
[   98850ms] [INFO] %cDownload the React DevTools for a better development experience: https://react.dev/link/react-devtools font-weight:bold @ http://localhost:3001/_next/static/chunks/10sf_next_dist_1prsa5x._.js:776
[   98855ms] [LOG] [HMR] connected @ http://localhost:3001/_next/static/chunks/10sf_next_dist_1prsa5x._.js:776
[   99241ms] [ERROR] Failed to load resource: the server responded with a status of 404 (Not Found) @ http://localhost:3001/zayavki/999:0
[   99254ms] [INFO] %cDownload the React DevTools for a better development experience: https://react.dev/link/react-devtools font-weight:bold @ http://localhost:3001/_next/static/chunks/10sf_next_dist_1prsa5x._.js:776
[   99259ms] [LOG] [HMR] connected @ http://localhost:3001/_next/static/chunks/10sf_next_dist_1prsa5x._.js:776
[   99688ms] [INFO] %cDownload the React DevTools for a better development experience: https://react.dev/link/react-devtools font-weight:bold @ http://localhost:3001/_next/static/chunks/10sf_next_dist_1prsa5x._.js:776
[   99694ms] [LOG] [HMR] connected @ http://localhost:3001/_next/static/chunks/10sf_next_dist_1prsa5x._.js:776
[  112189ms] [INFO] %cDownload the React DevTools for a better development experience: https://react.dev/link/react-devtools font-weight:bold @ http://localhost:3001/_next/static/chunks/10sf_next_dist_1prsa5x._.js:776
[  112199ms] [LOG] [HMR] connected @ http://localhost:3001/_next/static/chunks/10sf_next_dist_1prsa5x._.js:776
[  113370ms] [INFO] %cDownload the React DevTools for a better development experience: https://react.dev/link/react-devtools font-weight:bold @ http://localhost:3001/_next/static/chunks/10sf_next_dist_1prsa5x._.js:776
[  113377ms] [LOG] [HMR] connected @ http://localhost:3001/_next/static/chunks/10sf_next_dist_1prsa5x._.js:776
